// Jest Snapshot v1, https://goo.gl/fbAQLP

exports[`Nav tests renders the UI as expected -- loggedIn false 1`] = `
<ul
  className="nav-list"
>
  <li
    className="greeting"
  >
    Hello!
  </li>
</ul>
`;

exports[`Nav tests renders the UI as expected -- loggedIn true 1`] = `
<ul
  className="nav-list"
>
  <li
    className="greeting"
  >
    Hello!
  </li>
</ul>
`;
